> Task :checkKotlinGradlePluginConfigurationErrors

> Task :compileKotlin FAILED
./gradlew : e: file:///C:/Users/danmu/.gemini/antigravity/scratch/UniFo
rgeBackend/src/main/kotlin/com/unifor/backend/comment/repository/Commen
tRepository.kt:3:37 Unresolved reference: entity
위치 줄:1 문자:1
+ ./gradlew compileKotlin > build_error.log 2>&1
+ ~~~~~~~~~~~~~~~~~~~~~~~~~~~~~~~~~~~~~~~~~~~~~~
    + CategoryInfo          : NotSpecified: (e: file:///C:/U...ference 
   : entity:String) [], RemoteException
    + FullyQualifiedErrorId : NativeCommandError
 
e: file:///C:/Users/danmu/.gemini/antigravity/scratch/UniForgeBackend/s
rc/main/kotlin/com/unifor/backend/comment/repository/CommentRepository.
kt:6:45 Unresolved reference: Comment
e: file:///C:/Users/danmu/.gemini/antigravity/scratch/UniForgeBackend/s
rc/main/kotlin/com/unifor/backend/comment/repository/CommentRepository.
kt:7:76 Unresolved reference: Comment
e: file:///C:/Users/danmu/.gemini/antigravity/scratch/UniForgeBackend/s
rc/main/kotlin/com/unifor/backend/comment/service/CommentService.kt:3:3
7 Unresolved reference: entity
e: file:///C:/Users/danmu/.gemini/antigravity/scratch/UniForgeBackend/s
rc/main/kotlin/com/unifor/backend/comment/service/CommentService.kt:19:
13 Unresolved reference: Comment
e: file:///C:/Users/danmu/.gemini/antigravity/scratch/UniForgeBackend/s
rc/main/kotlin/com/unifor/backend/image/repository/ImageResourceReposit
ory.kt:17:6 Unresolved reference: Modifying
e: file:///C:/Users/danmu/.gemini/antigravity/scratch/UniForgeBackend/s
rc/main/kotlin/com/unifor/backend/image/repository/ImageResourceReposit
ory.kt:18:6 Unresolved reference: Query
e: file:///C:/Users/danmu/.gemini/antigravity/scratch/UniForgeBackend/s
rc/main/kotlin/com/unifor/backend/image/service/ImageResourceService.kt
:8:1 Expected annotation identifier after '@'
e: file:///C:/Users/danmu/.gemini/antigravity/scratch/UniForgeBackend/s
rc/main/kotlin/com/unifor/backend/image/service/ImageResourceService.kt
:11:36 Unresolved reference: S3ObjectValidator
e: file:///C:/Users/danmu/.gemini/antigravity/scratch/UniForgeBackend/s
rc/main/kotlin/com/unifor/backend/image/service/ImageResourceService.kt
:12:6 Unresolved reference: Value
e: file:///C:/Users/danmu/.gemini/antigravity/scratch/UniForgeBackend/s
rc/main/kotlin/com/unifor/backend/image/service/ImageResourceService.kt
:18:13 Unresolved reference: repository
e: file:///C:/Users/danmu/.gemini/antigravity/scratch/UniForgeBackend/s
rc/main/kotlin/com/unifor/backend/image/service/ImageResourceService.kt
:22:9 Unresolved reference: s3Validator
e: file:///C:/Users/danmu/.gemini/antigravity/scratch/UniForgeBackend/s
rc/main/kotlin/com/unifor/backend/image/service/ImageResourceService.kt
:27:16 Unresolved reference: repository
e: file:///C:/Users/danmu/.gemini/antigravity/scratch/UniForgeBackend/s
rc/main/kotlin/com/unifor/backend/image/service/ImageThumbnailService.k
t:43:13 No value passed for parameter 'contentType'
e: file:///C:/Users/danmu/.gemini/antigravity/scratch/UniForgeBackend/s
rc/main/kotlin/com/unifor/backend/like/service/LikeService.kt:3:34 Unre
solved reference: entity
e: file:///C:/Users/danmu/.gemini/antigravity/scratch/UniForgeBackend/s
rc/main/kotlin/com/unifor/backend/like/service/LikeService.kt:4:34 Unre
solved reference: repository
e: file:///C:/Users/danmu/.gemini/antigravity/scratch/UniForgeBackend/s
rc/main/kotlin/com/unifor/backend/like/service/LikeService.kt:9:33 Unre
solved reference: LikeRepository
e: file:///C:/Users/danmu/.gemini/antigravity/scratch/UniForgeBackend/s
rc/main/kotlin/com/unifor/backend/like/service/LikeService.kt:13:13 Unr
esolved reference: Like

FAILURE: Build failed with an exception.

* What went wrong:
Execution failed for task ':compileKotlin'.
> A failure occurred while executing org.jetbrains.kotlin.compilerRunne
r.GradleCompilerRunnerWithWorkers$GradleKotlinCompilerWorkAction
   > Compilation error. See log for more details

* Try:
> Run with --stacktrace option to get the stack trace.
> Run with --info or --debug option to get more log output.
> Run with --scan to get full insights.
> Get more help at https://help.gradle.org.

BUILD FAILED in 1s
2 actionable tasks: 2 executed
